PHP Warning:  JIT is incompatible with third party extensions that override zend_execute_ex(). JIT disabled. in Unknown on line 0
You are running PHP CS Fixer on PHP 8.4.12, but the minimum supported version in composer.json is PHP 8.2. This may introduce syntax or features not yet available in PHP 8.2, which could cause issues under that version. It is recommended to run PHP CS Fixer on PHP 8.2, to fit your project specifics.
If you need help while solving warnings, ask at https://github.com/PHP-CS-Fixer/PHP-CS-Fixer/discussions/, we will help you!

PHP CS Fixer 3.89.1 Folding Bike by Fabien Potencier, Dariusz Ruminski and contributors.
PHP runtime: 8.4.12
Running analysis on 1 core sequentially.
You can enable parallel runner and speed up the analysis! Please see https://cs.symfony.com/doc/usage.html for more information.
Loaded config default from "/var/www/deschide_news_app/deschide_backend/.php-cs-fixer.dist.php".
Using cache file "/var/www/deschide_news_app/deschide_backend/var/cache/.php-cs-fixer.cache".
   0/216 [░░░░░░░░░░░░░░░░░░░░░░░░░░░░]   0%
  22/216 [▓▓░░░░░░░░░░░░░░░░░░░░░░░░░░]  10%
  44/216 [▓▓▓▓▓░░░░░░░░░░░░░░░░░░░░░░░]  20%
  65/216 [▓▓▓▓▓▓▓▓░░░░░░░░░░░░░░░░░░░░]  30%
  87/216 [▓▓▓▓▓▓▓▓▓▓▓░░░░░░░░░░░░░░░░░]  40%
 101/216 [▓▓▓▓▓▓▓▓▓▓▓▓▓░░░░░░░░░░░░░░░]  46%
 108/216 [▓▓▓▓▓▓▓▓▓▓▓▓▓▓░░░░░░░░░░░░░░]  50%
 119/216 [▓▓▓▓▓▓▓▓▓▓▓▓▓▓▓░░░░░░░░░░░░░]  55%
 130/216 [▓▓▓▓▓▓▓▓▓▓▓▓▓▓▓▓░░░░░░░░░░░░]  60%
 145/216 [▓▓▓▓▓▓▓▓▓▓▓▓▓▓▓▓▓▓░░░░░░░░░░]  67%
 152/216 [▓▓▓▓▓▓▓▓▓▓▓▓▓▓▓▓▓▓▓░░░░░░░░░]  70%
 173/216 [▓▓▓▓▓▓▓▓▓▓▓▓▓▓▓▓▓▓▓▓▓▓░░░░░░]  80%
 187/216 [▓▓▓▓▓▓▓▓▓▓▓▓▓▓▓▓▓▓▓▓▓▓▓▓░░░░]  86%
 195/216 [▓▓▓▓▓▓▓▓▓▓▓▓▓▓▓▓▓▓▓▓▓▓▓▓▓░░░]  90%
 212/216 [▓▓▓▓▓▓▓▓▓▓▓▓▓▓▓▓▓▓▓▓▓▓▓▓▓▓▓░]  98%
 216/216 [▓▓▓▓▓▓▓▓▓▓▓▓▓▓▓▓▓▓▓▓▓▓▓▓▓▓▓▓] 100%

   1) /var/www/deschide_news_app/deschide_backend/src/MessageHandler/PublishScheduledArticlesHandler.php (increment_style, native_function_invocation, global_namespace_import, blank_line_before_statement, ordered_imports)
   2) /var/www/deschide_news_app/deschide_backend/src/MessageHandler/PageViewHandler.php (global_namespace_import, ordered_imports)
   3) /var/www/deschide_news_app/deschide_backend/src/MessageHandler/SessionEndHandler.php (global_namespace_import, ordered_imports)
   4) /var/www/deschide_news_app/deschide_backend/src/Repository/ImportantArticlesListRepository.php (declare_strict_types, blank_line_after_opening_tag, statement_indentation)
   5) /var/www/deschide_news_app/deschide_backend/src/Repository/CategoryRepository.php (phpdoc_summary)
   6) /var/www/deschide_news_app/deschide_backend/src/Repository/LiveTextReactionRepository.php (phpdoc_summary, blank_line_before_statement, ordered_imports)
   7) /var/www/deschide_news_app/deschide_backend/src/Repository/SessionRepository.php (global_namespace_import, phpdoc_summary, ordered_imports)
   8) /var/www/deschide_news_app/deschide_backend/src/Repository/PageViewRepository.php (global_namespace_import, ordered_imports)
   9) /var/www/deschide_news_app/deschide_backend/src/Repository/ArticleImageRepository.php (phpdoc_summary)
  10) /var/www/deschide_news_app/deschide_backend/src/Repository/LiveTextAbTestRepository.php (declare_strict_types, blank_line_after_opening_tag, global_namespace_import, phpdoc_summary, ordered_imports)
  11) /var/www/deschide_news_app/deschide_backend/src/Repository/LiveTextViewRepository.php (function_declaration, single_quote, trailing_comma_in_multiline, global_namespace_import, phpdoc_summary, ordered_imports)
  12) /var/www/deschide_news_app/deschide_backend/src/Repository/LiveTextTemplateRepository.php (phpdoc_summary)
  13) /var/www/deschide_news_app/deschide_backend/src/Repository/ArticleStatsDailyRepository.php (global_namespace_import, ordered_imports)
  14) /var/www/deschide_news_app/deschide_backend/src/Repository/AuthorRepository.php (phpdoc_summary)
  15) /var/www/deschide_news_app/deschide_backend/src/Repository/ImageRepository.php (phpdoc_summary)
  16) /var/www/deschide_news_app/deschide_backend/src/Repository/ArticleLockRepository.php (global_namespace_import, ordered_imports)
  17) /var/www/deschide_news_app/deschide_backend/src/Repository/LiveTextPostEngagementRepository.php (single_quote, declare_strict_types, blank_line_after_opening_tag, phpdoc_summary, no_unused_imports, blank_line_before_statement, ordered_imports)
  18) /var/www/deschide_news_app/deschide_backend/src/Repository/SiteStatsDailyRepository.php (global_namespace_import, ordered_imports)
  19) /var/www/deschide_news_app/deschide_backend/src/Repository/LiveTextSportMatchRepository.php (no_superfluous_phpdoc_tags, declare_strict_types, blank_line_after_opening_tag, global_namespace_import, phpdoc_summary, ordered_imports)
  20) /var/www/deschide_news_app/deschide_backend/src/Repository/UrlRedirectRepository.php (global_namespace_import, phpdoc_summary, method_chaining_indentation, phpdoc_separation, cast_spaces, ordered_imports)
  21) /var/www/deschide_news_app/deschide_backend/src/Repository/ExternalArticleMappingRepository.php (phpdoc_summary, ordered_imports)
  22) /var/www/deschide_news_app/deschide_backend/src/Repository/UserRepository.php (declare_strict_types, blank_line_after_opening_tag, native_function_invocation)
  23) /var/www/deschide_news_app/deschide_backend/src/Repository/LiveTextMatchEventRepository.php (no_superfluous_phpdoc_tags, declare_strict_types, blank_line_after_opening_tag, phpdoc_summary)
  24) /var/www/deschide_news_app/deschide_backend/src/Repository/ThumbnailRepository.php (phpdoc_summary)
  25) /var/www/deschide_news_app/deschide_backend/src/Repository/ThumbnailProfileRepository.php (trailing_comma_in_multiline, phpdoc_summary, phpdoc_separation)
  26) /var/www/deschide_news_app/deschide_backend/src/Enum/TemplateType.php (ordered_class_elements, class_attributes_separation, single_space_around_construct, function_declaration, phpdoc_summary)
  27) /var/www/deschide_news_app/deschide_backend/src/Enum/ReactionType.php (ordered_class_elements, class_attributes_separation, single_space_around_construct, function_declaration, phpdoc_summary)
  28) /var/www/deschide_news_app/deschide_backend/src/Kernel.php (declare_strict_types, blank_line_after_opening_tag)
  29) /var/www/deschide_news_app/deschide_backend/src/Message/PageViewEvent.php (global_namespace_import, blank_line_after_namespace)
  30) /var/www/deschide_news_app/deschide_backend/src/Message/SessionEndEvent.php (global_namespace_import, blank_line_after_namespace)
  31) /var/www/deschide_news_app/deschide_backend/src/State/ImportantArticlesListProvider.php (no_unused_imports, blank_line_before_statement)
  32) /var/www/deschide_news_app/deschide_backend/src/State/CachedArticleProvider.php (native_function_invocation)
  33) /var/www/deschide_news_app/deschide_backend/src/State/CategoryProcessor.php (string_implicit_backslashes, global_namespace_import, blank_line_before_statement, ordered_imports)
  34) /var/www/deschide_news_app/deschide_backend/src/State/ArticleProvider.php (native_function_invocation, ordered_imports)
  35) /var/www/deschide_news_app/deschide_backend/src/State/LiveTextPostProvider.php (strict_param, native_function_invocation)
  36) /var/www/deschide_news_app/deschide_backend/src/State/LiveTextProcessor.php (no_useless_else, no_trailing_whitespace, global_namespace_import, phpdoc_summary, statement_indentation, blank_line_before_statement, ordered_imports, no_whitespace_in_blank_line)
  37) /var/www/deschide_news_app/deschide_backend/src/State/AuthorProcessor.php (string_implicit_backslashes, global_namespace_import, blank_line_before_statement, ordered_imports)
  38) /var/www/deschide_news_app/deschide_backend/src/State/ThumbnailProcessor.php (global_namespace_import, blank_line_before_statement)
  39) /var/www/deschide_news_app/deschide_backend/src/State/LiveTextCollaboratorProcessor.php (native_function_invocation, phpdoc_summary, blank_line_before_statement)
  40) /var/www/deschide_news_app/deschide_backend/src/State/ArticleLockProcessor.php (single_line_throw, native_function_invocation, blank_line_before_statement)
  41) /var/www/deschide_news_app/deschide_backend/src/State/LiveTextPostReactionsProvider.php (global_namespace_import, phpdoc_summary)
  42) /var/www/deschide_news_app/deschide_backend/src/State/LiveTextKeyPointsProvider.php (phpdoc_summary)
  43) /var/www/deschide_news_app/deschide_backend/src/State/ArticleProcessor.php (string_implicit_backslashes, global_namespace_import, blank_line_before_statement, ordered_imports)
  44) /var/www/deschide_news_app/deschide_backend/src/State/ThumbnailProfileProcessor.php (global_namespace_import, blank_line_before_statement)
  45) /var/www/deschide_news_app/deschide_backend/src/State/ImageProcessor.php (single_line_throw, string_implicit_backslashes, native_function_invocation, global_namespace_import, phpdoc_summary, blank_line_before_statement, ordered_imports)
  46) /var/www/deschide_news_app/deschide_backend/src/State/LiveTextReactionProcessor.php (single_line_throw, native_function_invocation, global_namespace_import, blank_line_before_statement, ordered_imports)
  47) /var/www/deschide_news_app/deschide_backend/src/State/LiveTextPostProcessor.php (no_useless_else, native_function_invocation, no_trailing_whitespace, global_namespace_import, phpdoc_summary, statement_indentation, single_line_after_imports, blank_line_before_statement, ordered_imports, no_whitespace_in_blank_line)
  48) /var/www/deschide_news_app/deschide_backend/src/State/ImageProvider.php (function_declaration)
  49) /var/www/deschide_news_app/deschide_backend/src/State/LiveTextAnalyticsProvider.php (phpdoc_summary)
  50) /var/www/deschide_news_app/deschide_backend/src/State/ArticleImageProcessor.php (native_function_invocation, global_namespace_import, blank_line_before_statement)
  51) /var/www/deschide_news_app/deschide_backend/src/State/LiveTextProvider.php (strict_param, native_function_invocation)
  52) /var/www/deschide_news_app/deschide_backend/src/EventListener/ArticleSlugChangeListener.php (global_namespace_import, phpdoc_summary, phpdoc_separation, blank_line_before_statement, ordered_imports)
  53) /var/www/deschide_news_app/deschide_backend/src/EventListener/ArticleCategoryChangeListener.php (global_namespace_import, phpdoc_summary, phpdoc_separation, blank_line_before_statement, ordered_imports)
  54) /var/www/deschide_news_app/deschide_backend/src/EventListener/CategorySlugChangeListener.php (native_function_invocation, global_namespace_import, phpdoc_summary, phpdoc_separation, blank_line_before_statement, ordered_imports)
  55) /var/www/deschide_news_app/deschide_backend/src/EventListener/ImportantArticlesListDeleteListener.php (single_line_throw, native_function_invocation)
  56) /var/www/deschide_news_app/deschide_backend/src/Schedule.php (new_expression_parentheses, declare_strict_types, blank_line_after_opening_tag)
  57) /var/www/deschide_news_app/deschide_backend/src/Story/AppStory.php (declare_strict_types, blank_line_after_opening_tag)
  58) /var/www/deschide_news_app/deschide_backend/src/Dto/LiveText/StatusChangedEventDto.php (global_namespace_import, phpdoc_summary, no_unused_imports)
  59) /var/www/deschide_news_app/deschide_backend/src/Dto/LiveText/PostCreatedEventDto.php (global_namespace_import, phpdoc_summary)
  60) /var/www/deschide_news_app/deschide_backend/src/Dto/LiveText/PostUpdatedEventDto.php (global_namespace_import, phpdoc_summary)
  61) /var/www/deschide_news_app/deschide_backend/src/Dto/LiveText/ViewersCountEventDto.php (global_namespace_import, phpdoc_summary, blank_line_after_namespace)
  62) /var/www/deschide_news_app/deschide_backend/src/Dto/LiveText/PostDeletedEventDto.php (global_namespace_import, phpdoc_summary, blank_line_after_namespace)
  63) /var/www/deschide_news_app/deschide_backend/src/Dto/LiveText/LiveTextEventDto.php (global_namespace_import, phpdoc_summary, blank_line_after_namespace)
  64) /var/www/deschide_news_app/deschide_backend/src/Dto/LiveText/LiveTextAnalyticsDto.php (phpdoc_summary)
  65) /var/www/deschide_news_app/deschide_backend/src/Dto/Article/ArticleInput.php (phpdoc_summary)
  66) /var/www/deschide_news_app/deschide_backend/src/Dto/Article/ArticleOutput.php (global_namespace_import, phpdoc_summary, ordered_imports)
  67) /var/www/deschide_news_app/deschide_backend/src/Dto/Article/ArticleListOutput.php (global_namespace_import, phpdoc_summary, ordered_imports)
  68) /var/www/deschide_news_app/deschide_backend/src/Service/SlugLookupService.php (ordered_class_elements, function_declaration, strict_param, increment_style, native_function_invocation, global_namespace_import, phpdoc_summary, method_chaining_indentation, phpdoc_separation, blank_line_before_statement, ordered_imports)
  69) /var/www/deschide_news_app/deschide_backend/src/Service/LiveTextAbTestService.php (ordered_class_elements, modernize_types_casting, declare_strict_types, blank_line_after_opening_tag, native_function_invocation, global_namespace_import, phpdoc_summary, assign_null_coalescing_to_coalesce_equal, blank_line_before_statement, ordered_imports)
  70) /var/www/deschide_news_app/deschide_backend/src/Service/LiveTextAdvancedAnalyticsService.php (ordered_class_elements, no_unneeded_control_parentheses, declare_strict_types, blank_line_after_opening_tag, native_function_invocation, global_namespace_import, phpdoc_summary, blank_line_before_statement, ordered_imports)
  71) /var/www/deschide_news_app/deschide_backend/src/Service/LiveTextNotificationService.php (ordered_class_elements, native_function_invocation, global_namespace_import, phpdoc_summary, ordered_imports)
  72) /var/www/deschide_news_app/deschide_backend/src/Service/MetricsService.php (native_function_invocation, global_namespace_import, ordered_imports)
  73) /var/www/deschide_news_app/deschide_backend/src/Service/ImageElasticService.php (class_attributes_separation, global_namespace_import)
  74) /var/www/deschide_news_app/deschide_backend/src/Service/LiveTextSportService.php (function_declaration, strict_param, no_superfluous_phpdoc_tags, declare_strict_types, blank_line_after_opening_tag, native_function_invocation, trailing_comma_in_multiline, global_namespace_import, phpdoc_summary, phpdoc_trim, ordered_imports)
  75) /var/www/deschide_news_app/deschide_backend/src/Service/Import/MigrationLoggerService.php (new_expression_parentheses, single_quote, global_namespace_import, phpdoc_summary, phpdoc_order, phpdoc_separation, ordered_imports, single_blank_line_at_eof)
  76) /var/www/deschide_news_app/deschide_backend/src/Service/Import/NewscoopConnectionService.php (strict_param, native_function_invocation, global_namespace_import, phpdoc_summary, phpdoc_order, phpdoc_separation, blank_line_before_statement, single_blank_line_at_eof)
  77) /var/www/deschide_news_app/deschide_backend/src/Service/Import/ImportTokenService.php (single_line_throw, global_namespace_import, phpdoc_summary, blank_line_before_statement, ordered_imports, single_blank_line_at_eof)
  78) /var/www/deschide_news_app/deschide_backend/src/Service/ElasticService.php (ordered_class_elements, class_attributes_separation, concat_space, global_namespace_import, phpdoc_separation, blank_line_before_statement)
  79) /var/www/deschide_news_app/deschide_backend/src/Service/LiveTextAnalyticsService.php (ordered_class_elements, class_attributes_separation, native_function_invocation, trailing_comma_in_multiline, global_namespace_import, phpdoc_summary, blank_line_before_statement, ordered_imports)
  80) /var/www/deschide_news_app/deschide_backend/src/Service/ImageService.php (class_attributes_separation, native_function_invocation, global_namespace_import, octal_notation, phpdoc_separation, ordered_imports, phpdoc_align)
  81) /var/www/deschide_news_app/deschide_backend/src/Service/PerformanceService.php (class_attributes_separation, native_function_invocation, global_namespace_import, ordered_imports)
  82) /var/www/deschide_news_app/deschide_backend/src/Service/SocialMediaService.php (ordered_class_elements, class_attributes_separation, native_function_invocation, global_namespace_import, phpdoc_summary, blank_line_before_statement, ordered_imports)
  83) /var/www/deschide_news_app/deschide_backend/src/Scheduler/ArticleScheduleProvider.php (new_expression_parentheses)
  84) /var/www/deschide_news_app/deschide_backend/src/Transformer/Article/ReadingTimeTransformer.php (phpdoc_summary, blank_line_before_statement)
  85) /var/www/deschide_news_app/deschide_backend/src/Security/Voter/LiveTextPostVoter.php (class_attributes_separation, single_space_around_construct, strict_param, native_function_invocation, phpdoc_summary)
  86) /var/www/deschide_news_app/deschide_backend/src/Security/Voter/LiveTextVoter.php (class_attributes_separation, single_space_around_construct, strict_param, native_function_invocation, phpdoc_summary)
  87) /var/www/deschide_news_app/deschide_backend/src/Controller/LiveText/TestMercureController.php (global_namespace_import, phpdoc_summary, ordered_imports)
  88) /var/www/deschide_news_app/deschide_backend/src/Controller/MetricsController.php (global_namespace_import, ordered_imports)
  89) /var/www/deschide_news_app/deschide_backend/src/Controller/SlugLookupController.php (function_declaration, strict_param, native_function_invocation, phpdoc_summary)
  90) /var/www/deschide_news_app/deschide_backend/src/Controller/LiveTextViewController.php (native_function_invocation, trailing_comma_in_multiline, phpdoc_summary)
  91) /var/www/deschide_news_app/deschide_backend/src/Controller/RedirectManagementController.php (function_declaration, strict_param, increment_style, native_function_invocation, global_namespace_import, phpdoc_summary, ordered_imports)
  92) /var/www/deschide_news_app/deschide_backend/src/Controller/AdvancedAnalyticsController.php (declare_strict_types, blank_line_after_opening_tag, global_namespace_import, phpdoc_summary, ordered_imports)
  93) /var/www/deschide_news_app/deschide_backend/src/Controller/TrackingController.php (global_namespace_import, ordered_imports)
  94) /var/www/deschide_news_app/deschide_backend/src/Controller/ArticleLockController.php (native_function_invocation, global_namespace_import, ordered_imports)
  95) /var/www/deschide_news_app/deschide_backend/src/Controller/LiveTextSportController.php (function_declaration, strict_param, native_function_invocation, trailing_comma_in_multiline, phpdoc_summary, blank_line_before_statement)
  96) /var/www/deschide_news_app/deschide_backend/src/Controller/AbTestController.php (function_declaration, declare_strict_types, blank_line_after_opening_tag, native_function_invocation, global_namespace_import, phpdoc_summary, ordered_imports)
  97) /var/www/deschide_news_app/deschide_backend/src/Controller/Api/SlugController.php (native_function_invocation, phpdoc_summary, method_chaining_indentation, phpdoc_separation, ordered_imports)
  98) /var/www/deschide_news_app/deschide_backend/src/Controller/Api/TranslationController.php (method_argument_space, align_multiline_comment, no_superfluous_phpdoc_tags, line_ending, phpdoc_summary, phpdoc_separation)
  99) /var/www/deschide_news_app/deschide_backend/src/Controller/Api/StatsController.php (native_function_invocation, global_namespace_import, blank_line_before_statement, ordered_imports)
 100) /var/www/deschide_news_app/deschide_backend/src/Controller/EmbedController.php (native_function_invocation, trailing_comma_in_multiline, phpdoc_summary, ordered_imports)
 101) /var/www/deschide_news_app/deschide_backend/src/Validator/ReservedSlug.php (ordered_class_elements, class_attributes_separation, global_namespace_import, phpdoc_summary, phpdoc_separation, ordered_imports)
 102) /var/www/deschide_news_app/deschide_backend/src/Validator/ReservedSlugValidator.php (native_function_invocation, phpdoc_summary)
 103) /var/www/deschide_news_app/deschide_backend/src/Validator/ImportantArticlesCount.php (class_attributes_separation, global_namespace_import, ordered_imports)
 104) /var/www/deschide_news_app/deschide_backend/src/Factory/AuthorFactory.php (declare_strict_types, blank_line_after_opening_tag, global_namespace_import, ordered_imports)
 105) /var/www/deschide_news_app/deschide_backend/src/Factory/CategoryFactory.php (declare_strict_types, blank_line_after_opening_tag, global_namespace_import, ordered_imports)
 106) /var/www/deschide_news_app/deschide_backend/src/Factory/ArticleFactory.php (declare_strict_types, blank_line_after_opening_tag, global_namespace_import, ordered_imports)
 107) /var/www/deschide_news_app/deschide_backend/src/Factory/ImageFactory.php (declare_strict_types, blank_line_after_opening_tag, global_namespace_import, ordered_imports)
 108) /var/www/deschide_news_app/deschide_backend/src/Entity/ArticleLock.php (trailing_comma_in_multiline, global_namespace_import, no_unused_imports, ordered_imports)
 109) /var/www/deschide_news_app/deschide_backend/src/Entity/UrlRedirect.php (increment_style, global_namespace_import, phpdoc_summary, blank_line_before_statement, ordered_imports)
 110) /var/www/deschide_news_app/deschide_backend/src/Entity/LiveTextCollaborator.php (trailing_comma_in_multiline, global_namespace_import, blank_line_before_statement, ordered_imports)
 111) /var/www/deschide_news_app/deschide_backend/src/Entity/LiveTextPostEngagement.php (declare_strict_types, blank_line_after_opening_tag, global_namespace_import, phpdoc_summary, blank_line_before_statement, ordered_imports)
 112) /var/www/deschide_news_app/deschide_backend/src/Entity/Image.php (ordered_class_elements, increment_style, native_function_invocation, trailing_comma_in_multiline, global_namespace_import, phpdoc_summary, blank_line_before_statement, ordered_imports)
 113) /var/www/deschide_news_app/deschide_backend/src/Entity/Thumbnail.php (increment_style, native_function_invocation, trailing_comma_in_multiline, global_namespace_import, phpdoc_summary, blank_line_before_statement, ordered_imports)
 114) /var/www/deschide_news_app/deschide_backend/src/Entity/ThumbnailProfile.php (native_function_invocation, trailing_comma_in_multiline, global_namespace_import, phpdoc_summary, blank_line_before_statement, ordered_imports)
 115) /var/www/deschide_news_app/deschide_backend/src/Entity/Session.php (global_namespace_import, ordered_imports)
 116) /var/www/deschide_news_app/deschide_backend/src/Entity/ArticleStatsDaily.php (global_namespace_import, ordered_imports)
 117) /var/www/deschide_news_app/deschide_backend/src/Entity/LiveTextPost.php (trailing_comma_in_multiline, global_namespace_import, blank_line_before_statement, ordered_imports)
 118) /var/www/deschide_news_app/deschide_backend/src/Entity/LiveTextReaction.php (trailing_comma_in_multiline, global_namespace_import, blank_line_before_statement, ordered_imports)
 119) /var/www/deschide_news_app/deschide_backend/src/Entity/LiveText.php (trailing_comma_in_multiline, global_namespace_import, phpdoc_summary, no_unused_imports, blank_line_before_statement, ordered_imports)
 120) /var/www/deschide_news_app/deschide_backend/src/Entity/ExternalArticleMapping.php (global_namespace_import, ordered_imports)
 121) /var/www/deschide_news_app/deschide_backend/src/Entity/PageView.php (global_namespace_import, ordered_imports)
 122) /var/www/deschide_news_app/deschide_backend/src/Entity/LiveTextSportMatch.php (declare_strict_types, blank_line_after_opening_tag, trailing_comma_in_multiline, global_namespace_import, phpdoc_summary, blank_line_before_statement, ordered_imports)
 123) /var/www/deschide_news_app/deschide_backend/src/Entity/LiveTextAbTest.php (declare_strict_types, blank_line_after_opening_tag, global_namespace_import, phpdoc_summary, blank_line_before_statement, ordered_imports)
 124) /var/www/deschide_news_app/deschide_backend/src/Entity/LiveTextMatchEvent.php (declare_strict_types, blank_line_after_opening_tag, trailing_comma_in_multiline, global_namespace_import, phpdoc_summary, blank_line_before_statement, ordered_imports)
 125) /var/www/deschide_news_app/deschide_backend/src/Entity/ArticleImage.php (trailing_comma_in_multiline, global_namespace_import, blank_line_before_statement, ordered_imports)
 126) /var/www/deschide_news_app/deschide_backend/src/Entity/Author.php (function_declaration, trailing_comma_in_multiline, global_namespace_import, phpdoc_summary, blank_line_before_statement, ordered_imports)
 127) /var/www/deschide_news_app/deschide_backend/src/Entity/SiteStatsDaily.php (global_namespace_import, ordered_imports)
 128) /var/www/deschide_news_app/deschide_backend/src/Entity/Category.php (function_declaration, trailing_comma_in_multiline, global_namespace_import, phpdoc_summary, blank_line_before_statement, ordered_imports)
 129) /var/www/deschide_news_app/deschide_backend/src/Entity/Article.php (trailing_comma_in_multiline, global_namespace_import, phpdoc_summary, blank_line_before_statement, ordered_imports)
 130) /var/www/deschide_news_app/deschide_backend/src/Entity/LiveTextView.php (global_namespace_import, phpdoc_summary, blank_line_before_statement, ordered_imports)
 131) /var/www/deschide_news_app/deschide_backend/src/Entity/LiveTextTemplate.php (native_function_invocation, phpdoc_summary, no_unused_imports, blank_line_before_statement)
 132) /var/www/deschide_news_app/deschide_backend/src/Entity/RefreshToken.php (declare_strict_types, blank_line_after_opening_tag)
 133) /var/www/deschide_news_app/deschide_backend/src/Entity/User.php (ordered_class_elements, declare_strict_types, blank_line_after_opening_tag, concat_space, global_namespace_import, ordered_imports)
 134) /var/www/deschide_news_app/deschide_backend/src/Entity/ImportantArticlesList.php (trailing_comma_in_multiline, global_namespace_import, blank_line_before_statement, ordered_imports)
 135) /var/www/deschide_news_app/deschide_backend/src/DataFixtures/LiveTextFixtures.php (single_space_around_construct, increment_style, native_function_invocation, global_namespace_import, ordered_imports)
 136) /var/www/deschide_news_app/deschide_backend/src/DataFixtures/ImportantArticlesListFixtures.php (class_attributes_separation, increment_style, single_quote, native_function_invocation)
 137) /var/www/deschide_news_app/deschide_backend/src/DataFixtures/ArticleFixtures.php (class_attributes_separation, function_declaration, increment_style, single_quote, fully_qualified_strict_types, control_structure_braces, native_function_invocation, global_namespace_import, braces_position, statement_indentation, blank_line_before_statement, ordered_imports)
 138) /var/www/deschide_news_app/deschide_backend/src/DataFixtures/CategoryFixtures.php (single_quote, native_function_invocation)
 139) /var/www/deschide_news_app/deschide_backend/src/DataFixtures/AuthorFixtures.php (increment_style, single_quote)
 140) /var/www/deschide_news_app/deschide_backend/src/DataFixtures/AppFixtures.php (declare_strict_types, blank_line_after_opening_tag)
 141) /var/www/deschide_news_app/deschide_backend/src/DataFixtures/ThumbnailProfileFixtures.php (class_attributes_separation)
 142) /var/www/deschide_news_app/deschide_backend/src/DataFixtures/UserFixtures.php (ordered_class_elements, class_attributes_separation, declare_strict_types, blank_line_after_opening_tag)
 143) /var/www/deschide_news_app/deschide_backend/src/DataFixtures/ImageFixtures.php (class_attributes_separation, increment_style, single_quote, fully_qualified_strict_types, native_function_invocation, trailing_comma_in_multiline, global_namespace_import, octal_notation)
 144) /var/www/deschide_news_app/deschide_backend/src/DataFixtures/ArticleImageFixtures.php (class_attributes_separation, increment_style, control_structure_braces, native_function_invocation, braces_position, statement_indentation, blank_line_before_statement)
 145) /var/www/deschide_news_app/deschide_backend/src/Command/RedirectConsolidateCommand.php (function_declaration, method_argument_space, increment_style, native_function_invocation, blank_line_before_statement)
 146) /var/www/deschide_news_app/deschide_backend/src/Command/ElasticsearchCreateImageIndexCommand.php (global_namespace_import, blank_line_before_statement, ordered_imports)
 147) /var/www/deschide_news_app/deschide_backend/src/Command/SeedLiveTextTemplatesCommand.php (increment_style, single_quote, native_function_invocation, blank_line_before_statement)
 148) /var/www/deschide_news_app/deschide_backend/src/Command/OpcacheStatusCommand.php (function_declaration, native_function_invocation, blank_line_before_statement)
 149) /var/www/deschide_news_app/deschide_backend/src/Command/LiveText/SeedLiveTextDataCommand.php (single_space_around_construct, increment_style, native_function_invocation, trailing_comma_in_multiline, global_namespace_import, blank_line_before_statement, ordered_imports)
 150) /var/www/deschide_news_app/deschide_backend/src/Command/Import/ImportArticlesByCategoryCommand.php (function_declaration, increment_style, single_quote, declare_strict_types, blank_line_after_opening_tag, native_function_invocation, global_namespace_import, cast_spaces, no_unused_imports, ordered_imports)
 151) /var/www/deschide_news_app/deschide_backend/src/Command/Import/GenerateThumbnailsCommand.php (method_argument_space, increment_style, native_function_invocation, global_namespace_import, blank_line_before_statement, ordered_imports, single_blank_line_at_eof)
 152) /var/www/deschide_news_app/deschide_backend/src/Command/Import/ImportImagesCommand.php (class_attributes_separation, increment_style, native_function_invocation, global_namespace_import, octal_notation, no_unused_imports, blank_line_before_statement, ordered_imports, single_blank_line_at_eof)
 153) /var/www/deschide_news_app/deschide_backend/src/Command/Import/ImportAuthorsDirectCommand.php (increment_style, single_quote, declare_strict_types, blank_line_after_opening_tag, native_function_invocation, global_namespace_import, cast_spaces, ordered_imports)
 154) /var/www/deschide_news_app/deschide_backend/src/Command/Import/ImportArticlesCommand.php (strict_comparison, increment_style, native_function_invocation, global_namespace_import, phpdoc_summary, blank_line_before_statement, ordered_imports, single_blank_line_at_eof)
 155) /var/www/deschide_news_app/deschide_backend/src/Command/Import/ImportAuthorsCommand.php (increment_style, native_function_invocation, global_namespace_import, phpdoc_summary, blank_line_before_statement, ordered_imports, single_blank_line_at_eof)
 156) /var/www/deschide_news_app/deschide_backend/src/Command/Import/FixArticleCategoriesCommand.php (strict_comparison, increment_style, single_quote, declare_strict_types, blank_line_after_opening_tag, native_function_invocation, global_namespace_import, ordered_imports)
 157) /var/www/deschide_news_app/deschide_backend/src/Command/Import/ImportCategoriesCommand.php (increment_style, native_function_invocation, global_namespace_import, phpdoc_summary, blank_line_before_statement, ordered_imports, single_blank_line_at_eof)
 158) /var/www/deschide_news_app/deschide_backend/src/Command/Import/ImportTranslationsCommand.php (method_argument_space, increment_style, native_function_invocation, global_namespace_import, phpdoc_summary, blank_line_before_statement, ordered_imports, single_blank_line_at_eof)
 159) /var/www/deschide_news_app/deschide_backend/src/Command/Import/ImportCategoriesDirectCommand.php (strict_param, method_argument_space, increment_style, single_quote, declare_strict_types, blank_line_after_opening_tag, native_function_invocation, global_namespace_import, ordered_imports)
 160) /var/www/deschide_news_app/deschide_backend/src/Command/Import/ImportArticlesWithRelationsCommand.php (increment_style, single_quote, declare_strict_types, blank_line_after_opening_tag, native_function_invocation, global_namespace_import, no_unused_imports, blank_line_before_statement, ordered_imports)
 161) /var/www/deschide_news_app/deschide_backend/src/Command/Import/ImportCsvArticlesCommand.php (ordered_class_elements, class_attributes_separation, no_useless_else, strict_param, new_expression_parentheses, increment_style, native_function_invocation, no_trailing_whitespace, global_namespace_import, phpdoc_summary, octal_notation, statement_indentation, blank_line_before_statement, ordered_imports, no_whitespace_in_blank_line)
 162) /var/www/deschide_news_app/deschide_backend/src/Command/ElasticsearchCreateIndexCommand.php (native_function_invocation, concat_space, global_namespace_import, blank_line_before_statement, ordered_imports)
 163) /var/www/deschide_news_app/deschide_backend/src/Command/CacheClearCommand.php (global_namespace_import, ordered_imports)
 164) /var/www/deschide_news_app/deschide_backend/src/Command/CleanupStatsCommand.php (native_function_invocation, concat_space, global_namespace_import, octal_notation, ordered_imports)
 165) /var/www/deschide_news_app/deschide_backend/src/Command/DatabaseQueryAuditCommand.php (function_declaration, increment_style, string_implicit_backslashes, native_function_invocation, trailing_comma_in_multiline, global_namespace_import, blank_line_before_statement, ordered_imports)
 166) /var/www/deschide_news_app/deschide_backend/src/Command/ElasticsearchIndexImagesCommand.php (increment_style, native_function_invocation, global_namespace_import, blank_line_before_statement, ordered_imports)
 167) /var/www/deschide_news_app/deschide_backend/src/Command/TrendingArticlesCommand.php (concat_space, global_namespace_import, ordered_imports)
 168) /var/www/deschide_news_app/deschide_backend/src/Command/ElasticsearchIndexArticlesCommand.php (native_function_invocation, concat_space, global_namespace_import, blank_line_before_statement, ordered_imports)
 169) /var/www/deschide_news_app/deschide_backend/src/Command/RedirectCleanupCommand.php (increment_style, native_function_invocation, global_namespace_import, blank_line_before_statement, ordered_imports)
 170) /var/www/deschide_news_app/deschide_backend/src/Command/SampleImportCommand.php (class_attributes_separation, function_declaration, increment_style, single_quote, native_function_invocation, global_namespace_import, octal_notation, blank_line_before_statement, ordered_imports)
 171) /var/www/deschide_news_app/deschide_backend/src/Command/RedirectHealthCommand.php (single_space_around_construct, method_argument_space, increment_style, native_function_invocation, global_namespace_import, ordered_imports)
 172) /var/www/deschide_news_app/deschide_backend/src/Command/ElasticsearchManageAliasCommand.php (native_function_invocation, global_namespace_import, blank_line_before_statement, ordered_imports)
 173) /var/www/deschide_news_app/deschide_backend/src/Command/CleanupExpiredLocksCommand.php (native_function_invocation, global_namespace_import, blank_line_before_statement, ordered_imports)
 174) /var/www/deschide_news_app/deschide_backend/src/Command/CacheWarmCommand.php (native_function_invocation)
 175) /var/www/deschide_news_app/deschide_backend/src/Command/RedirectStatsCommand.php (function_declaration, strict_param, method_argument_space, increment_style, native_function_invocation, global_namespace_import, blank_line_before_statement, ordered_imports)
 176) /var/www/deschide_news_app/deschide_backend/src/Command/CleanupThumbnailsCommand.php (class_attributes_separation, function_declaration, strict_param, method_argument_space, native_function_invocation)
 177) /var/www/deschide_news_app/deschide_backend/src/Command/AggregateStatsCommand.php (native_function_invocation, concat_space, global_namespace_import, ordered_imports)
 178) /var/www/deschide_news_app/deschide_backend/src/Command/PublishScheduledArticlesCommand.php (increment_style, native_function_invocation, global_namespace_import, blank_line_before_statement, ordered_imports)
 179) /var/www/deschide_news_app/deschide_backend/src/Serializer/MultipartDecoder.php (blank_line_before_statement)
 180) /var/www/deschide_news_app/deschide_backend/src/Serializer/ImageDenormalizer.php (no_superfluous_phpdoc_tags, no_empty_phpdoc)
 181) /var/www/deschide_news_app/deschide_backend/tests/Unit/Service/ImageServiceTest.php (class_attributes_separation, trailing_comma_in_multiline, global_namespace_import, php_unit_method_casing, ordered_imports)
 182) /var/www/deschide_news_app/deschide_backend/tests/Unit/Service/ElasticServiceTest.php (global_namespace_import, php_unit_method_casing, ordered_imports)
 183) /var/www/deschide_news_app/deschide_backend/tests/Unit/Entity/UrlRedirectTest.php (align_multiline_comment, native_function_invocation, line_ending, global_namespace_import, ordered_imports)
 184) /var/www/deschide_news_app/deschide_backend/tests/Unit/Entity/ImageTest.php (align_multiline_comment, native_function_invocation, line_ending)
 185) /var/www/deschide_news_app/deschide_backend/tests/Unit/Entity/ArticleImageTest.php (align_multiline_comment, line_ending)
 186) /var/www/deschide_news_app/deschide_backend/tests/Unit/Entity/AuthorTest.php (native_function_invocation)
 187) /var/www/deschide_news_app/deschide_backend/tests/Unit/Entity/CategoryTest.php (native_function_invocation)
 188) /var/www/deschide_news_app/deschide_backend/tests/Unit/Entity/ArticleTest.php (native_function_invocation, global_namespace_import, ordered_imports)
 189) /var/www/deschide_news_app/deschide_backend/tests/Service/SlugLookupServiceTest.php (class_attributes_separation, single_space_around_construct, increment_style, global_namespace_import, php_unit_method_casing, no_unused_imports, blank_line_before_statement, ordered_imports)
 190) /var/www/deschide_news_app/deschide_backend/tests/Validator/ReservedSlugValidatorTest.php (ordered_class_elements, class_attributes_separation, native_function_invocation, global_namespace_import, phpdoc_summary, ordered_imports)
 191) /var/www/deschide_news_app/deschide_backend/tests/bootstrap.php (new_expression_parentheses, declare_strict_types, blank_line_after_opening_tag, concat_space, octal_notation)
 192) /var/www/deschide_news_app/deschide_backend/config/preload.php (declare_strict_types, blank_line_after_opening_tag, concat_space)
 193) /var/www/deschide_news_app/deschide_backend/public/index.php (declare_strict_types, blank_line_after_opening_tag, concat_space)

Fixed 193 of 216 files in 9.856 seconds, 22.00 MB memory used

Detected deprecations in use (they will stop working in next major release):
- Option "tokens: use_trait" used in `no_extra_blank_lines` rule is deprecated, use the rule `class_attributes_separation` with `elements: trait_import` instead.
- Rule set "@PER-CS2.0" is deprecated. Use "@PER-CS2x0" instead.
- Rule set "@PHP84Migration" is deprecated. Use "@PHP8x4Migration" instead.
